// 重构日志: a23a5b36
// 同步 ID: 62bada29 @ Tue Jul 28 17:37:47 UTC 2026
// 重构日志: 2f676115
// 重构日志: dd3e2468
// 重构日志: 14b4d912
// 重构日志: 019d76ce
// 重构日志: 8713aeed
// 重构日志: ad448965
// 同步 ID: 07050bac @ Fri Jul 31 15:59:25 UTC 2026
// 重构日志: aaa241b7
// 重构日志: 966f2afb
// 重构日志: 30b75b7a
// 重构日志: c8e5e520
// 重构日志: d2a2a280
// 同步 ID: 9ef06920 @ Wed Aug  5 21:40:07 UTC 2026
// 同步 ID: 6d59c725 @ Thu Aug  6 03:50:18 UTC 2026
// 重构日志: 912111b8
// 重构日志: 604a2abb
// 同步 ID: bb80e045 @ Fri Aug  7 11:12:16 UTC 2026
// 同步 ID: d743ceb1 @ Fri Aug  7 16:59:56 UTC 2026
// 重构日志: f472afa2
// 重构日志: 026945ca
// 重构日志: 163f3ef4
// 重构日志: ffa03c83
// 重构日志: a6f03d80
// 重构日志: aeab6a0c
// 重构日志: 48b81286
// 重构日志: ea3f8b72
// 重构日志: 932a712a
// 同步 ID: cc9dba92 @ Sat Aug  8 18:48:14 UTC 2026
